// Jest Snapshot v1, https://goo.gl/fbAQLP

exports[`Component: RequestCaseRenderer test simple render - error 1`] = `ReactWrapper {}`;

exports[`Component: RequestCaseRenderer test simple render - in_progress 1`] = `ReactWrapper {}`;

exports[`Component: RequestCaseRenderer test simple render - success 1`] = `ReactWrapper {}`;
